 ------------------------------------------------------------------------------------------------------------------------------------------------------------------- 
| Snapshot                | WNS                  | TNS                  | Density (%) | Hotspot                   | Resource               | DRVs       | Layer-OPT |
|                         | HEPG (ns) | ALL (ns) | HEPG (ns) | ALL (ns) |             | Max (bins) | Total (bins) | Real (s) | Memory (MB) | Tran | Cap | M4  | M6  |
|-------------------------+-----------+----------+-----------+----------+-------------+------------+--------------+----------+-------------+------+-----+-----+-----|
| initial_summary         |           |   -2.563 |           |    -2014 |       73.08 |            |              | 0:00:02  |        5359 | 1067 |   7 |     |     |
| simplify_netlist        |           |          |           |          |             |            |              | 0:00:02  |        5637 |      |     |     |     |
| drv_fixing              |     0.000 |   -2.574 |         0 |    -1774 |       73.49 |            |              | 0:00:02  |        5725 |      |     |     |     |
| drv_fixing_2            |     0.000 |   -0.095 |         0 |       -7 |       73.59 |            |              | 0:00:02  |        5741 |    0 |   0 |   1 |     |
| global_opt              |           |    0.022 |           |        0 |       73.76 |            |              | 0:00:03  |        5765 |      |     |  18 |     |
| area_reclaiming         |     0.000 |    0.020 |         0 |        0 |       71.89 |            |              | 0:00:07  |        5784 |      |     |   3 |     |
| incremental_replacement |    -0.046 |   -0.046 |           |       -1 |             |     103.67 |       391.78 | 0:00:24  |        6120 |      |     |     |     |
| drv_fixing_3            |    -0.046 |   -0.046 |        -1 |       -1 |       71.96 |            |              | 0:00:02  |        5872 |    0 |   0 |  10 |     |
| tns_fixing              |     0.021 |    0.007 |         0 |        0 |       72.04 |            |              | 0:00:06  |        6127 |      |     |  17 |   9 |
| wns_fixing              |     0.028 |    0.026 |         0 |        0 |       72.09 |            |              | 0:00:12  |        6151 |      |     |  20 |   9 |
| area_reclaiming_2       |     0.020 |    0.020 |         0 |        0 |       71.98 |            |              | 0:00:03  |        6023 |      |     |   9 |   5 |
| drv_eco_fixing          |     0.020 |    0.020 |         0 |        0 |       71.98 |            |              | 0:00:01  |        6023 |    0 |   0 |   9 |   5 |
| final_summary           |     0.020 |    0.020 |           |        0 |       71.98 |            |              | 0:00:02  |        5879 |    0 |   0 |     |     |
 ------------------------------------------------------------------------------------------------------------------------------------------------------------------- 
